Archive member included because of file (symbol)

a:/000-desktop/embedded systems/1-avr course/00-tools/00-imt sdk/imt_sdk_win_64/winavr/bin/../lib/gcc/avr/4.3.3/avr5\libgcc.a(_mulsi3.o)
                              ./LCD_program.o (__mulsi3)
a:/000-desktop/embedded systems/1-avr course/00-tools/00-imt sdk/imt_sdk_win_64/winavr/bin/../lib/gcc/avr/4.3.3/avr5\libgcc.a(_udivmodhi4.o)
                              ./TIMERS_program.o (__udivmodhi4)
a:/000-desktop/embedded systems/1-avr course/00-tools/00-imt sdk/imt_sdk_win_64/winavr/bin/../lib/gcc/avr/4.3.3/avr5\libgcc.a(_udivmodsi4.o)
                              ./LCD_program.o (__udivmodsi4)
a:/000-desktop/embedded systems/1-avr course/00-tools/00-imt sdk/imt_sdk_win_64/winavr/bin/../lib/gcc/avr/4.3.3/avr5\libgcc.a(_exit.o)
                              a:/000-desktop/embedded systems/1-avr course/00-tools/00-imt sdk/imt_sdk_win_64/winavr/bin/../lib/gcc/avr/4.3.3/../../../../avr/lib/avr5/crtm32.o (exit)
a:/000-desktop/embedded systems/1-avr course/00-tools/00-imt sdk/imt_sdk_win_64/winavr/bin/../lib/gcc/avr/4.3.3/avr5\libgcc.a(_copy_data.o)
                              ./KPD_program.o (__do_copy_data)
a:/000-desktop/embedded systems/1-avr course/00-tools/00-imt sdk/imt_sdk_win_64/winavr/bin/../lib/gcc/avr/4.3.3/avr5\libgcc.a(_clear_bss.o)
                              ./EXTI_program.o (__do_clear_bss)
a:/000-desktop/embedded systems/1-avr course/00-tools/00-imt sdk/imt_sdk_win_64/winavr/bin/../lib/gcc/avr/4.3.3/avr5\libgcc.a(_fixunssfsi.o)
                              ./KPD_program.o (__fixunssfsi)
a:/000-desktop/embedded systems/1-avr course/00-tools/00-imt sdk/imt_sdk_win_64/winavr/bin/../lib/gcc/avr/4.3.3/avr5\libgcc.a(_addsub_sf.o)
                              a:/000-desktop/embedded systems/1-avr course/00-tools/00-imt sdk/imt_sdk_win_64/winavr/bin/../lib/gcc/avr/4.3.3/avr5\libgcc.a(_fixunssfsi.o) (__subsf3)
a:/000-desktop/embedded systems/1-avr course/00-tools/00-imt sdk/imt_sdk_win_64/winavr/bin/../lib/gcc/avr/4.3.3/avr5\libgcc.a(_mul_sf.o)
                              ./KPD_program.o (__mulsf3)
a:/000-desktop/embedded systems/1-avr course/00-tools/00-imt sdk/imt_sdk_win_64/winavr/bin/../lib/gcc/avr/4.3.3/avr5\libgcc.a(_div_sf.o)
                              ./LCD_program.o (__divsf3)
a:/000-desktop/embedded systems/1-avr course/00-tools/00-imt sdk/imt_sdk_win_64/winavr/bin/../lib/gcc/avr/4.3.3/avr5\libgcc.a(_gt_sf.o)
                              ./KPD_program.o (__gtsf2)
a:/000-desktop/embedded systems/1-avr course/00-tools/00-imt sdk/imt_sdk_win_64/winavr/bin/../lib/gcc/avr/4.3.3/avr5\libgcc.a(_ge_sf.o)
                              a:/000-desktop/embedded systems/1-avr course/00-tools/00-imt sdk/imt_sdk_win_64/winavr/bin/../lib/gcc/avr/4.3.3/avr5\libgcc.a(_fixunssfsi.o) (__gesf2)
a:/000-desktop/embedded systems/1-avr course/00-tools/00-imt sdk/imt_sdk_win_64/winavr/bin/../lib/gcc/avr/4.3.3/avr5\libgcc.a(_lt_sf.o)
                              ./KPD_program.o (__ltsf2)
a:/000-desktop/embedded systems/1-avr course/00-tools/00-imt sdk/imt_sdk_win_64/winavr/bin/../lib/gcc/avr/4.3.3/avr5\libgcc.a(_sf_to_si.o)
                              a:/000-desktop/embedded systems/1-avr course/00-tools/00-imt sdk/imt_sdk_win_64/winavr/bin/../lib/gcc/avr/4.3.3/avr5\libgcc.a(_fixunssfsi.o) (__fixsfsi)
a:/000-desktop/embedded systems/1-avr course/00-tools/00-imt sdk/imt_sdk_win_64/winavr/bin/../lib/gcc/avr/4.3.3/avr5\libgcc.a(_thenan_sf.o)
                              a:/000-desktop/embedded systems/1-avr course/00-tools/00-imt sdk/imt_sdk_win_64/winavr/bin/../lib/gcc/avr/4.3.3/avr5\libgcc.a(_addsub_sf.o) (__thenan_sf)
a:/000-desktop/embedded systems/1-avr course/00-tools/00-imt sdk/imt_sdk_win_64/winavr/bin/../lib/gcc/avr/4.3.3/avr5\libgcc.a(_prologue.o)
                              a:/000-desktop/embedded systems/1-avr course/00-tools/00-imt sdk/imt_sdk_win_64/winavr/bin/../lib/gcc/avr/4.3.3/avr5\libgcc.a(_addsub_sf.o) (__prologue_saves__)
a:/000-desktop/embedded systems/1-avr course/00-tools/00-imt sdk/imt_sdk_win_64/winavr/bin/../lib/gcc/avr/4.3.3/avr5\libgcc.a(_epilogue.o)
                              a:/000-desktop/embedded systems/1-avr course/00-tools/00-imt sdk/imt_sdk_win_64/winavr/bin/../lib/gcc/avr/4.3.3/avr5\libgcc.a(_addsub_sf.o) (__epilogue_restores__)
a:/000-desktop/embedded systems/1-avr course/00-tools/00-imt sdk/imt_sdk_win_64/winavr/bin/../lib/gcc/avr/4.3.3/avr5\libgcc.a(_pack_sf.o)
                              a:/000-desktop/embedded systems/1-avr course/00-tools/00-imt sdk/imt_sdk_win_64/winavr/bin/../lib/gcc/avr/4.3.3/avr5\libgcc.a(_addsub_sf.o) (__pack_f)
a:/000-desktop/embedded systems/1-avr course/00-tools/00-imt sdk/imt_sdk_win_64/winavr/bin/../lib/gcc/avr/4.3.3/avr5\libgcc.a(_unpack_sf.o)
                              a:/000-desktop/embedded systems/1-avr course/00-tools/00-imt sdk/imt_sdk_win_64/winavr/bin/../lib/gcc/avr/4.3.3/avr5\libgcc.a(_addsub_sf.o) (__unpack_f)
a:/000-desktop/embedded systems/1-avr course/00-tools/00-imt sdk/imt_sdk_win_64/winavr/bin/../lib/gcc/avr/4.3.3/avr5\libgcc.a(_fpcmp_parts_sf.o)
                              a:/000-desktop/embedded systems/1-avr course/00-tools/00-imt sdk/imt_sdk_win_64/winavr/bin/../lib/gcc/avr/4.3.3/avr5\libgcc.a(_gt_sf.o) (__fpcmp_parts_f)

Memory Configuration

Name             Origin             Length             Attributes
text             0x00000000         0x00020000         xr
data             0x00800060         0x0000ffa0         rw !x
eeprom           0x00810000         0x00010000         rw !x
fuse             0x00820000         0x00000400         rw !x
lock             0x00830000         0x00000400         rw !x
signature        0x00840000         0x00000400         rw !x
*default*        0x00000000         0xffffffff

Linker script and memory map

LOAD a:/000-desktop/embedded systems/1-avr course/00-tools/00-imt sdk/imt_sdk_win_64/winavr/bin/../lib/gcc/avr/4.3.3/../../../../avr/lib/avr5/crtm32.o
LOAD ./DIO_program.o
LOAD ./EXTI_program.o
LOAD ./GI_program.o
LOAD ./KPD_program.o
LOAD ./LCD_program.o
LOAD ./TIMERS_program.o
LOAD ./main.o
LOAD a:/000-desktop/embedded systems/1-avr course/00-tools/00-imt sdk/imt_sdk_win_64/winavr/bin/../lib/gcc/avr/4.3.3/avr5\libgcc.a
LOAD a:/000-desktop/embedded systems/1-avr course/00-tools/00-imt sdk/imt_sdk_win_64/winavr/bin/../lib/gcc/avr/4.3.3/../../../../avr/lib/avr5\libc.a
LOAD a:/000-desktop/embedded systems/1-avr course/00-tools/00-imt sdk/imt_sdk_win_64/winavr/bin/../lib/gcc/avr/4.3.3/avr5\libgcc.a

.hash
 *(.hash)

.dynsym
 *(.dynsym)

.dynstr
 *(.dynstr)

.gnu.version
 *(.gnu.version)

.gnu.version_d
 *(.gnu.version_d)

.gnu.version_r
 *(.gnu.version_r)

.rel.init
 *(.rel.init)

.rela.init
 *(.rela.init)

.rel.text
 *(.rel.text)
 *(.rel.text.*)
 *(.rel.gnu.linkonce.t*)

.rela.text
 *(.rela.text)
 *(.rela.text.*)
 *(.rela.gnu.linkonce.t*)

.rel.fini
 *(.rel.fini)

.rela.fini
 *(.rela.fini)

.rel.rodata
 *(.rel.rodata)
 *(.rel.rodata.*)
 *(.rel.gnu.linkonce.r*)

.rela.rodata
 *(.rela.rodata)
 *(.rela.rodata.*)
 *(.rela.gnu.linkonce.r*)

.rel.data
 *(.rel.data)
 *(.rel.data.*)
 *(.rel.gnu.linkonce.d*)

.rela.data
 *(.rela.data)
 *(.rela.data.*)
 *(.rela.gnu.linkonce.d*)

.rel.ctors
 *(.rel.ctors)

.rela.ctors
 *(.rela.ctors)

.rel.dtors
 *(.rel.dtors)

.rela.dtors
 *(.rela.dtors)

.rel.got
 *(.rel.got)

.rela.got
 *(.rela.got)

.rel.bss
 *(.rel.bss)

.rela.bss
 *(.rela.bss)

.rel.plt
 *(.rel.plt)

.rela.plt
 *(.rela.plt)

.text           0x00000000     0x4b08
 *(.vectors)
 .vectors       0x00000000       0x54 a:/000-desktop/embedded systems/1-avr course/00-tools/00-imt sdk/imt_sdk_win_64/winavr/bin/../lib/gcc/avr/4.3.3/../../../../avr/lib/avr5/crtm32.o
                0x00000000                __vectors
                0x00000000                __vector_default
 *(.vectors)
 *(.progmem.gcc*)
 *(.progmem*)
                0x00000054                . = ALIGN (0x2)
                0x00000054                __trampolines_start = .
 *(.trampolines)
 .trampolines   0x00000054        0x0 linker stubs
 *(.trampolines*)
                0x00000054                __trampolines_end = .
 *(.jumptables)
 *(.jumptables*)
 *(.lowtext)
 *(.lowtext*)
                0x00000054                __ctors_start = .
 *(.ctors)
                0x00000054                __ctors_end = .
                0x00000054                __dtors_start = .
 *(.dtors)
                0x00000054                __dtors_end = .
 SORT(*)(.ctors)
 SORT(*)(.dtors)
 *(.init0)
 .init0         0x00000054        0x0 a:/000-desktop/embedded systems/1-avr course/00-tools/00-imt sdk/imt_sdk_win_64/winavr/bin/../lib/gcc/avr/4.3.3/../../../../avr/lib/avr5/crtm32.o
                0x00000054                __init
 *(.init0)
 *(.init1)
 *(.init1)
 *(.init2)
 .init2         0x00000054        0xc a:/000-desktop/embedded systems/1-avr course/00-tools/00-imt sdk/imt_sdk_win_64/winavr/bin/../lib/gcc/avr/4.3.3/../../../../avr/lib/avr5/crtm32.o
 *(.init2)
 *(.init3)
 *(.init3)
 *(.init4)
 .init4         0x00000060       0x16 a:/000-desktop/embedded systems/1-avr course/00-tools/00-imt sdk/imt_sdk_win_64/winavr/bin/../lib/gcc/avr/4.3.3/avr5\libgcc.a(_copy_data.o)
                0x00000060                __do_copy_data
 .init4         0x00000076       0x10 a:/000-desktop/embedded systems/1-avr course/00-tools/00-imt sdk/imt_sdk_win_64/winavr/bin/../lib/gcc/avr/4.3.3/avr5\libgcc.a(_clear_bss.o)
                0x00000076                __do_clear_bss
 *(.init4)
 *(.init5)
 *(.init5)
 *(.init6)
 *(.init6)
 *(.init7)
 *(.init7)
 *(.init8)
 *(.init8)
 *(.init9)
 .init9         0x00000086        0x8 a:/000-desktop/embedded systems/1-avr course/00-tools/00-imt sdk/imt_sdk_win_64/winavr/bin/../lib/gcc/avr/4.3.3/../../../../avr/lib/avr5/crtm32.o
 *(.init9)
 *(.text)
 .text          0x0000008e        0x4 a:/000-desktop/embedded systems/1-avr course/00-tools/00-imt sdk/imt_sdk_win_64/winavr/bin/../lib/gcc/avr/4.3.3/../../../../avr/lib/avr5/crtm32.o
                0x0000008e                __vector_12
                0x0000008e                __bad_interrupt
                0x0000008e                __vector_13
                0x0000008e                __vector_17
                0x0000008e                __vector_19
                0x0000008e                __vector_15
                0x0000008e                __vector_14
                0x0000008e                __vector_16
                0x0000008e                __vector_18
                0x0000008e                __vector_20
 .text          0x00000092        0x0 ./DIO_program.o
 .text          0x00000092        0x0 ./EXTI_program.o
 .text          0x00000092        0x0 ./GI_program.o
 .text          0x00000092        0x0 ./KPD_program.o
 .text          0x00000092        0x0 ./LCD_program.o
 .text          0x00000092        0x0 ./TIMERS_program.o
 .text          0x00000092        0x0 ./main.o
 .text          0x00000092        0x0 a:/000-desktop/embedded systems/1-avr course/00-tools/00-imt sdk/imt_sdk_win_64/winavr/bin/../lib/gcc/avr/4.3.3/avr5\libgcc.a(_mulsi3.o)
 .text          0x00000092        0x0 a:/000-desktop/embedded systems/1-avr course/00-tools/00-imt sdk/imt_sdk_win_64/winavr/bin/../lib/gcc/avr/4.3.3/avr5\libgcc.a(_udivmodhi4.o)
 .text          0x00000092        0x0 a:/000-desktop/embedded systems/1-avr course/00-tools/00-imt sdk/imt_sdk_win_64/winavr/bin/../lib/gcc/avr/4.3.3/avr5\libgcc.a(_udivmodsi4.o)
 .text          0x00000092        0x0 a:/000-desktop/embedded systems/1-avr course/00-tools/00-imt sdk/imt_sdk_win_64/winavr/bin/../lib/gcc/avr/4.3.3/avr5\libgcc.a(_exit.o)
 .text          0x00000092        0x0 a:/000-desktop/embedded systems/1-avr course/00-tools/00-imt sdk/imt_sdk_win_64/winavr/bin/../lib/gcc/avr/4.3.3/avr5\libgcc.a(_copy_data.o)
 .text          0x00000092        0x0 a:/000-desktop/embedded systems/1-avr course/00-tools/00-imt sdk/imt_sdk_win_64/winavr/bin/../lib/gcc/avr/4.3.3/avr5\libgcc.a(_clear_bss.o)
 .text          0x00000092       0x58 a:/000-desktop/embedded systems/1-avr course/00-tools/00-imt sdk/imt_sdk_win_64/winavr/bin/../lib/gcc/avr/4.3.3/avr5\libgcc.a(_fixunssfsi.o)
                0x00000092                __fixunssfsi
 .text          0x000000ea      0x354 a:/000-desktop/embedded systems/1-avr course/00-tools/00-imt sdk/imt_sdk_win_64/winavr/bin/../lib/gcc/avr/4.3.3/avr5\libgcc.a(_addsub_sf.o)
                0x00000382                __subsf3
                0x000003e4                __addsf3
 .text          0x0000043e      0x1f4 a:/000-desktop/embedded systems/1-avr course/00-tools/00-imt sdk/imt_sdk_win_64/winavr/bin/../lib/gcc/avr/4.3.3/avr5\libgcc.a(_mul_sf.o)
                0x0000043e                __mulsf3
 .text          0x00000632      0x158 a:/000-desktop/embedded systems/1-avr course/00-tools/00-imt sdk/imt_sdk_win_64/winavr/bin/../lib/gcc/avr/4.3.3/avr5\libgcc.a(_div_sf.o)
                0x00000632                __divsf3
 .text          0x0000078a       0x60 a:/000-desktop/embedded systems/1-avr course/00-tools/00-imt sdk/imt_sdk_win_64/winavr/bin/../lib/gcc/avr/4.3.3/avr5\libgcc.a(_gt_sf.o)
                0x0000078a                __gtsf2
 .text          0x000007ea       0x60 a:/000-desktop/embedded systems/1-avr course/00-tools/00-imt sdk/imt_sdk_win_64/winavr/bin/../lib/gcc/avr/4.3.3/avr5\libgcc.a(_ge_sf.o)
                0x000007ea                __gesf2
 .text          0x0000084a       0x60 a:/000-desktop/embedded systems/1-avr course/00-tools/00-imt sdk/imt_sdk_win_64/winavr/bin/../lib/gcc/avr/4.3.3/avr5\libgcc.a(_lt_sf.o)
                0x0000084a                __ltsf2
 .text          0x000008aa       0xa8 a:/000-desktop/embedded systems/1-avr course/00-tools/00-imt sdk/imt_sdk_win_64/winavr/bin/../lib/gcc/avr/4.3.3/avr5\libgcc.a(_sf_to_si.o)
                0x000008aa                __fixsfsi
 .text          0x00000952        0x0 a:/000-desktop/embedded systems/1-avr course/00-tools/00-imt sdk/imt_sdk_win_64/winavr/bin/../lib/gcc/avr/4.3.3/avr5\libgcc.a(_thenan_sf.o)
 .text          0x00000952        0x0 a:/000-desktop/embedded systems/1-avr course/00-tools/00-imt sdk/imt_sdk_win_64/winavr/bin/../lib/gcc/avr/4.3.3/avr5\libgcc.a(_prologue.o)
 .text          0x00000952        0x0 a:/000-desktop/embedded systems/1-avr course/00-tools/00-imt sdk/imt_sdk_win_64/winavr/bin/../lib/gcc/avr/4.3.3/avr5\libgcc.a(_epilogue.o)
 .text          0x00000952      0x1aa a:/000-desktop/embedded systems/1-avr course/00-tools/00-imt sdk/imt_sdk_win_64/winavr/bin/../lib/gcc/avr/4.3.3/avr5\libgcc.a(_pack_sf.o)
                0x00000952                __pack_f
 .text          0x00000afc       0xf0 a:/000-desktop/embedded systems/1-avr course/00-tools/00-imt sdk/imt_sdk_win_64/winavr/bin/../lib/gcc/avr/4.3.3/avr5\libgcc.a(_unpack_sf.o)
                0x00000afc                __unpack_f
 .text          0x00000bec       0xb2 a:/000-desktop/embedded systems/1-avr course/00-tools/00-imt sdk/imt_sdk_win_64/winavr/bin/../lib/gcc/avr/4.3.3/avr5\libgcc.a(_fpcmp_parts_sf.o)
                0x00000bec                __fpcmp_parts_f
                0x00000c9e                . = ALIGN (0x2)
 *(.text.*)
 .text.DIO_voidInit
                0x00000c9e       0x48 ./DIO_program.o
                0x00000c9e                DIO_voidInit
 .text.DIO_u8SetPinDirection
                0x00000ce6      0x1dc ./DIO_program.o
                0x00000ce6                DIO_u8SetPinDirection
 .text.DIO_u8SetPinValue
                0x00000ec2      0x22e ./DIO_program.o
                0x00000ec2                DIO_u8SetPinValue
 .text.DIO_u8GetPinValue
                0x000010f0      0x178 ./DIO_program.o
                0x000010f0                DIO_u8GetPinValue
 .text.DIO_u8SetPortDirection
                0x00001268      0x11c ./DIO_program.o
                0x00001268                DIO_u8SetPortDirection
 .text.DIO_u8SetPortValue
                0x00001384       0x90 ./DIO_program.o
                0x00001384                DIO_u8SetPortValue
 .text.DIO_u8GetPortValue
                0x00001414       0xb0 ./DIO_program.o
                0x00001414                DIO_u8GetPortValue
 .text.DIO_u8TogglePinValue
                0x000014c4      0x114 ./DIO_program.o
                0x000014c4                DIO_u8TogglePinValue
 .text.EXTI_u8SetCallBack
                0x000015d8       0x50 ./EXTI_program.o
                0x000015d8                EXTI_u8SetCallBack
 .text.EXTI_u8InterruptEnable
                0x00001628      0x2c2 ./EXTI_program.o
                0x00001628                EXTI_u8InterruptEnable
 .text.EXTI_u8InterruptDisable
                0x000018ea       0x7a ./EXTI_program.o
                0x000018ea                EXTI_u8InterruptDisable
 .text.__vector_1
                0x00001964       0x66 ./EXTI_program.o
                0x00001964                __vector_1
 .text.__vector_2
                0x000019ca       0x66 ./EXTI_program.o
                0x000019ca                __vector_2
 .text.__vector_3
                0x00001a30       0x66 ./EXTI_program.o
                0x00001a30                __vector_3
 .text.GI_voidEnable
                0x00001a96       0x1c ./GI_program.o
                0x00001a96                GI_voidEnable
 .text.GI_voidDisable
                0x00001ab2       0x1c ./GI_program.o
                0x00001ab2                GI_voidDisable
 .text.KPD_u8GetPressedKey
                0x00001ace      0x274 ./KPD_program.o
                0x00001ace                KPD_u8GetPressedKey
 .text.LCD_voidInit
                0x00001d42      0x662 ./LCD_program.o
                0x00001d42                LCD_voidInit
 .text.LCD_voidSendCmnd
                0x000023a4      0x1d4 ./LCD_program.o
                0x000023a4                LCD_voidSendCmnd
 .text.LCD_voidSendChar
                0x00002578      0x1d4 ./LCD_program.o
                0x00002578                LCD_voidSendChar
 .text.LCD_voidSendString
                0x0000274c       0x52 ./LCD_program.o
                0x0000274c                LCD_voidSendString
 .text.LCD_voidSendNum
                0x0000279e      0x19a ./LCD_program.o
                0x0000279e                LCD_voidSendNum
 .text.LCD_u8GoToXY
                0x00002938       0x68 ./LCD_program.o
                0x00002938                LCD_u8GoToXY
 .text.LCD_voidClearScreen
                0x000029a0      0x110 ./LCD_program.o
                0x000029a0                LCD_voidClearScreen
 .text.LCD_u8CreateSpecialChar
                0x00002ab0      0x21e ./LCD_program.o
                0x00002ab0                LCD_u8CreateSpecialChar
 .text.LCD_u8SendSpecialChar
                0x00002cce       0x50 ./LCD_program.o
                0x00002cce                LCD_u8SendSpecialChar
 .text.LCD_u8_MoveCursor
                0x00002d1e       0x2e ./LCD_program.o
                0x00002d1e                LCD_u8_MoveCursor
 .text.LCD_u8_MoveScreen
                0x00002d4c       0x2e ./LCD_program.o
                0x00002d4c                LCD_u8_MoveScreen
 .text.LCD_voidGetAC_Location
                0x00002d7a       0x4a ./LCD_program.o
                0x00002d7a                LCD_voidGetAC_Location
 .text.TIMER0_u8SetCallBack_OV
                0x00002dc4       0x50 ./TIMERS_program.o
                0x00002dc4                TIMER0_u8SetCallBack_OV
 .text.TIMER0_u8SetCallBack_CTC
                0x00002e14       0x50 ./TIMERS_program.o
                0x00002e14                TIMER0_u8SetCallBack_CTC
 .text.TIMER0_voidSetCompareMatchValue
                0x00002e64       0x1c ./TIMERS_program.o
                0x00002e64                TIMER0_voidSetCompareMatchValue
 .text.TIMER0_voidSetPReloadValue
                0x00002e80       0x22 ./TIMERS_program.o
                0x00002e80                TIMER0_voidSetPReloadValue
 .text.TIMER0_u8GetCounterValue
                0x00002ea2       0x3a ./TIMERS_program.o
                0x00002ea2                TIMER0_u8GetCounterValue
 .text.TIMER0_voidInit
                0x00002edc       0x96 ./TIMERS_program.o
                0x00002edc                TIMER0_voidInit
 .text.TIMER0_voidStopTIMER0
                0x00002f72       0x2a ./TIMERS_program.o
                0x00002f72                TIMER0_voidStopTIMER0
 .text.TIMER0_voidEnableTIMER0
                0x00002f9c       0x2a ./TIMERS_program.o
                0x00002f9c                TIMER0_voidEnableTIMER0
 .text.__vector_11
                0x00002fc6       0xa0 ./TIMERS_program.o
                0x00002fc6                __vector_11
 .text.__vector_10
                0x00003066       0x96 ./TIMERS_program.o
                0x00003066                __vector_10
 .text.TIMER1_u8SetCallBack_OV
                0x000030fc       0x68 ./TIMERS_program.o
                0x000030fc                TIMER1_u8SetCallBack_OV
 .text.TIMER1_u8SetCallBack_CTC_A
                0x00003164       0x68 ./TIMERS_program.o
                0x00003164                TIMER1_u8SetCallBack_CTC_A
 .text.TIMER1_u8SetCallBack_CTC_B
                0x000031cc       0x68 ./TIMERS_program.o
                0x000031cc                TIMER1_u8SetCallBack_CTC_B
 .text.TIMER1_voidSetCompareMatchValue_A
                0x00003234       0x24 ./TIMERS_program.o
                0x00003234                TIMER1_voidSetCompareMatchValue_A
 .text.TIMER1_voidSetCompareMatchValue_B
                0x00003258       0x24 ./TIMERS_program.o
                0x00003258                TIMER1_voidSetCompareMatchValue_B
 .text.TIMER1_voidSetPReloadValue
                0x0000327c       0x30 ./TIMERS_program.o
                0x0000327c                TIMER1_voidSetPReloadValue
 .text.TIMER1_voidSetInputCaptureValue
                0x000032ac       0x24 ./TIMERS_program.o
                0x000032ac                TIMER1_voidSetInputCaptureValue
 .text.TIMER1_u8GetCounterValue
                0x000032d0       0x3e ./TIMERS_program.o
                0x000032d0                TIMER1_u8GetCounterValue
 .text.TIMER1_voidHW_ICUInit
                0x0000330e       0x2a ./TIMERS_program.o
                0x0000330e                TIMER1_voidHW_ICUInit
 .text.TIMER1_u8GetPWMOnPeriod
                0x00003338       0x3e ./TIMERS_program.o
                0x00003338                TIMER1_u8GetPWMOnPeriod
 .text.TIMER1_u8GetPWMTotalPeriod
                0x00003376       0x54 ./TIMERS_program.o
                0x00003376                TIMER1_u8GetPWMTotalPeriod
 .text.TIMER1_u8GerDutyCycle
                0x000033ca       0x78 ./TIMERS_program.o
                0x000033ca                TIMER1_u8GerDutyCycle
 .text.TIMER1_voidInit
                0x00003442       0xd0 ./TIMERS_program.o
                0x00003442                TIMER1_voidInit
 .text.__vector_9
                0x00003512       0xd6 ./TIMERS_program.o
                0x00003512                __vector_9
 .text.__vector_7
                0x000035e8       0xc6 ./TIMERS_program.o
                0x000035e8                __vector_7
 .text.__vector_8
                0x000036ae       0xc6 ./TIMERS_program.o
                0x000036ae                __vector_8
 .text.__vector_6
                0x00003774       0xbe ./TIMERS_program.o
                0x00003774                __vector_6
 .text.TIMER2_u8SetCallBack_OV
                0x00003832       0x50 ./TIMERS_program.o
                0x00003832                TIMER2_u8SetCallBack_OV
 .text.TIMER2_u8SetCallBack_CTC
                0x00003882       0x50 ./TIMERS_program.o
                0x00003882                TIMER2_u8SetCallBack_CTC
 .text.TIMER2_voidSetCompareMatchValue
                0x000038d2       0x1c ./TIMERS_program.o
                0x000038d2                TIMER2_voidSetCompareMatchValue
 .text.TIMER2_voidSetPReloadValue
                0x000038ee       0x22 ./TIMERS_program.o
                0x000038ee                TIMER2_voidSetPReloadValue
 .text.TIMER2_u8GetCounterValue
                0x00003910       0x3a ./TIMERS_program.o
                0x00003910                TIMER2_u8GetCounterValue
 .text.TIMER2_voidInit
                0x0000394a       0x96 ./TIMERS_program.o
                0x0000394a                TIMER2_voidInit
 .text.TIMER2_voidStopTIMER2
                0x000039e0       0x2a ./TIMERS_program.o
                0x000039e0                TIMER2_voidStopTIMER2
 .text.TIMER2_voidEnableTIMER2
                0x00003a0a       0x2a ./TIMERS_program.o
                0x00003a0a                TIMER2_voidEnableTIMER2
 .text.__vector_5
                0x00003a34       0xa0 ./TIMERS_program.o
                0x00003a34                __vector_5
 .text.__vector_4
                0x00003ad4       0x96 ./TIMERS_program.o
                0x00003ad4                __vector_4
 .text.main     0x00003b6a      0x2a4 ./main.o
                0x00003b6a                main
 .text.App_voidStartScreen
                0x00003e0e       0x66 ./main.o
                0x00003e0e                App_voidStartScreen
 .text.App_voidStopWatch
                0x00003e74       0x7a ./main.o
                0x00003e74                App_voidStopWatch
 .text.App_voidTimer
                0x00003eee      0x484 ./main.o
                0x00003eee                App_voidTimer
 .text.App_voidStopwatchOVFunction
                0x00004372      0x17e ./main.o
                0x00004372                App_voidStopwatchOVFunction
 .text.App_voidStopTimer0_EXTI
                0x000044f0       0x7a ./main.o
                0x000044f0                App_voidStopTimer0_EXTI
 .text.App_voidTurnOnTimer0_EXTI2
                0x0000456a      0x1ae ./main.o
                0x0000456a                App_voidTurnOnTimer0_EXTI2
 .text.App_voidTimerOVFunction
                0x00004718      0x2d4 ./main.o
                0x00004718                App_voidTimerOVFunction
 .text.libgcc   0x000049ec       0x3e a:/000-desktop/embedded systems/1-avr course/00-tools/00-imt sdk/imt_sdk_win_64/winavr/bin/../lib/gcc/avr/4.3.3/avr5\libgcc.a(_mulsi3.o)
                0x000049ec                __mulsi3
 .text.libgcc   0x00004a2a       0x28 a:/000-desktop/embedded systems/1-avr course/00-tools/00-imt sdk/imt_sdk_win_64/winavr/bin/../lib/gcc/avr/4.3.3/avr5\libgcc.a(_udivmodhi4.o)
                0x00004a2a                __udivmodhi4
 .text.libgcc   0x00004a52       0x44 a:/000-desktop/embedded systems/1-avr course/00-tools/00-imt sdk/imt_sdk_win_64/winavr/bin/../lib/gcc/avr/4.3.3/avr5\libgcc.a(_udivmodsi4.o)
                0x00004a52                __udivmodsi4
 .text.libgcc   0x00004a96        0x0 a:/000-desktop/embedded systems/1-avr course/00-tools/00-imt sdk/imt_sdk_win_64/winavr/bin/../lib/gcc/avr/4.3.3/avr5\libgcc.a(_exit.o)
 .text.libgcc   0x00004a96        0x0 a:/000-desktop/embedded systems/1-avr course/00-tools/00-imt sdk/imt_sdk_win_64/winavr/bin/../lib/gcc/avr/4.3.3/avr5\libgcc.a(_copy_data.o)
 .text.libgcc   0x00004a96        0x0 a:/000-desktop/embedded systems/1-avr course/00-tools/00-imt sdk/imt_sdk_win_64/winavr/bin/../lib/gcc/avr/4.3.3/avr5\libgcc.a(_clear_bss.o)
 .text.libgcc   0x00004a96       0x38 a:/000-desktop/embedded systems/1-avr course/00-tools/00-imt sdk/imt_sdk_win_64/winavr/bin/../lib/gcc/avr/4.3.3/avr5\libgcc.a(_prologue.o)
                0x00004a96                __prologue_saves__
 .text.libgcc   0x00004ace       0x36 a:/000-desktop/embedded systems/1-avr course/00-tools/00-imt sdk/imt_sdk_win_64/winavr/bin/../lib/gcc/avr/4.3.3/avr5\libgcc.a(_epilogue.o)
                0x00004ace                __epilogue_restores__
                0x00004b04                . = ALIGN (0x2)
 *(.fini9)
 .fini9         0x00004b04        0x0 a:/000-desktop/embedded systems/1-avr course/00-tools/00-imt sdk/imt_sdk_win_64/winavr/bin/../lib/gcc/avr/4.3.3/avr5\libgcc.a(_exit.o)
                0x00004b04                exit
                0x00004b04                _exit
 *(.fini9)
 *(.fini8)
 *(.fini8)
 *(.fini7)
 *(.fini7)
 *(.fini6)
 *(.fini6)
 *(.fini5)
 *(.fini5)
 *(.fini4)
 *(.fini4)
 *(.fini3)
 *(.fini3)
 *(.fini2)
 *(.fini2)
 *(.fini1)
 *(.fini1)
 *(.fini0)
 .fini0         0x00004b04        0x4 a:/000-desktop/embedded systems/1-avr course/00-tools/00-imt sdk/imt_sdk_win_64/winavr/bin/../lib/gcc/avr/4.3.3/avr5\libgcc.a(_exit.o)
 *(.fini0)
                0x00004b08                _etext = .

.data           0x00800060       0x8e load address 0x00004b08
                0x00800060                PROVIDE (__data_start, .)
 *(.data)
 .data          0x00800060        0x0 a:/000-desktop/embedded systems/1-avr course/00-tools/00-imt sdk/imt_sdk_win_64/winavr/bin/../lib/gcc/avr/4.3.3/../../../../avr/lib/avr5/crtm32.o
 .data          0x00800060        0x0 ./DIO_program.o
 .data          0x00800060        0x0 ./EXTI_program.o
 .data          0x00800060        0x0 ./GI_program.o
 .data          0x00800060        0x0 ./KPD_program.o
 .data          0x00800060        0x0 ./LCD_program.o
 .data          0x00800060        0x0 ./TIMERS_program.o
 .data          0x00800060       0x65 ./main.o
 .data          0x008000c5        0x0 a:/000-desktop/embedded systems/1-avr course/00-tools/00-imt sdk/imt_sdk_win_64/winavr/bin/../lib/gcc/avr/4.3.3/avr5\libgcc.a(_mulsi3.o)
 .data          0x008000c5        0x0 a:/000-desktop/embedded systems/1-avr course/00-tools/00-imt sdk/imt_sdk_win_64/winavr/bin/../lib/gcc/avr/4.3.3/avr5\libgcc.a(_udivmodhi4.o)
 .data          0x008000c5        0x0 a:/000-desktop/embedded systems/1-avr course/00-tools/00-imt sdk/imt_sdk_win_64/winavr/bin/../lib/gcc/avr/4.3.3/avr5\libgcc.a(_udivmodsi4.o)
 .data          0x008000c5        0x0 a:/000-desktop/embedded systems/1-avr course/00-tools/00-imt sdk/imt_sdk_win_64/winavr/bin/../lib/gcc/avr/4.3.3/avr5\libgcc.a(_exit.o)
 .data          0x008000c5        0x0 a:/000-desktop/embedded systems/1-avr course/00-tools/00-imt sdk/imt_sdk_win_64/winavr/bin/../lib/gcc/avr/4.3.3/avr5\libgcc.a(_copy_data.o)
 .data          0x008000c5        0x0 a:/000-desktop/embedded systems/1-avr course/00-tools/00-imt sdk/imt_sdk_win_64/winavr/bin/../lib/gcc/avr/4.3.3/avr5\libgcc.a(_clear_bss.o)
 .data          0x008000c5        0x0 a:/000-desktop/embedded systems/1-avr course/00-tools/00-imt sdk/imt_sdk_win_64/winavr/bin/../lib/gcc/avr/4.3.3/avr5\libgcc.a(_fixunssfsi.o)
 .data          0x008000c5        0x0 a:/000-desktop/embedded systems/1-avr course/00-tools/00-imt sdk/imt_sdk_win_64/winavr/bin/../lib/gcc/avr/4.3.3/avr5\libgcc.a(_addsub_sf.o)
 .data          0x008000c5        0x0 a:/000-desktop/embedded systems/1-avr course/00-tools/00-imt sdk/imt_sdk_win_64/winavr/bin/../lib/gcc/avr/4.3.3/avr5\libgcc.a(_mul_sf.o)
 .data          0x008000c5        0x0 a:/000-desktop/embedded systems/1-avr course/00-tools/00-imt sdk/imt_sdk_win_64/winavr/bin/../lib/gcc/avr/4.3.3/avr5\libgcc.a(_div_sf.o)
 .data          0x008000c5        0x0 a:/000-desktop/embedded systems/1-avr course/00-tools/00-imt sdk/imt_sdk_win_64/winavr/bin/../lib/gcc/avr/4.3.3/avr5\libgcc.a(_gt_sf.o)
 .data          0x008000c5        0x0 a:/000-desktop/embedded systems/1-avr course/00-tools/00-imt sdk/imt_sdk_win_64/winavr/bin/../lib/gcc/avr/4.3.3/avr5\libgcc.a(_ge_sf.o)
 .data          0x008000c5        0x0 a:/000-desktop/embedded systems/1-avr course/00-tools/00-imt sdk/imt_sdk_win_64/winavr/bin/../lib/gcc/avr/4.3.3/avr5\libgcc.a(_lt_sf.o)
 .data          0x008000c5        0x0 a:/000-desktop/embedded systems/1-avr course/00-tools/00-imt sdk/imt_sdk_win_64/winavr/bin/../lib/gcc/avr/4.3.3/avr5\libgcc.a(_sf_to_si.o)
 .data          0x008000c5        0x8 a:/000-desktop/embedded systems/1-avr course/00-tools/00-imt sdk/imt_sdk_win_64/winavr/bin/../lib/gcc/avr/4.3.3/avr5\libgcc.a(_thenan_sf.o)
                0x008000c5                __thenan_sf
 .data          0x008000cd        0x0 a:/000-desktop/embedded systems/1-avr course/00-tools/00-imt sdk/imt_sdk_win_64/winavr/bin/../lib/gcc/avr/4.3.3/avr5\libgcc.a(_prologue.o)
 .data          0x008000cd        0x0 a:/000-desktop/embedded systems/1-avr course/00-tools/00-imt sdk/imt_sdk_win_64/winavr/bin/../lib/gcc/avr/4.3.3/avr5\libgcc.a(_epilogue.o)
 .data          0x008000cd        0x0 a:/000-desktop/embedded systems/1-avr course/00-tools/00-imt sdk/imt_sdk_win_64/winavr/bin/../lib/gcc/avr/4.3.3/avr5\libgcc.a(_pack_sf.o)
 .data          0x008000cd        0x0 a:/000-desktop/embedded systems/1-avr course/00-tools/00-imt sdk/imt_sdk_win_64/winavr/bin/../lib/gcc/avr/4.3.3/avr5\libgcc.a(_unpack_sf.o)
 .data          0x008000cd        0x0 a:/000-desktop/embedded systems/1-avr course/00-tools/00-imt sdk/imt_sdk_win_64/winavr/bin/../lib/gcc/avr/4.3.3/avr5\libgcc.a(_fpcmp_parts_sf.o)
 *(.data*)
 *(.rodata)
 *(.rodata*)
 .rodata.KPD_Au8Keys
                0x008000cd       0x10 ./KPD_program.o
                0x008000cd                KPD_Au8Keys
 .rodata.KPD_Au8RowsPorts
                0x008000dd        0x4 ./KPD_program.o
                0x008000dd                KPD_Au8RowsPorts
 .rodata.KPD_Au8RowPins
                0x008000e1        0x4 ./KPD_program.o
                0x008000e1                KPD_Au8RowPins
 .rodata.KPD_Au8ColsPorts
                0x008000e5        0x4 ./KPD_program.o
                0x008000e5                KPD_Au8ColsPorts
 .rodata.KPD_Au8ColsPins
                0x008000e9        0x4 ./KPD_program.o
                0x008000e9                KPD_Au8ColsPins
 *(.gnu.linkonce.d*)
                0x008000ee                . = ALIGN (0x2)
 *fill*         0x008000ed        0x1 00
                0x008000ee                _edata = .
                0x008000ee                PROVIDE (__data_end, .)

.bss            0x008000ee       0x53
                0x008000ee                PROVIDE (__bss_start, .)
 *(.bss)
 .bss           0x008000ee        0x0 a:/000-desktop/embedded systems/1-avr course/00-tools/00-imt sdk/imt_sdk_win_64/winavr/bin/../lib/gcc/avr/4.3.3/../../../../avr/lib/avr5/crtm32.o
 .bss           0x008000ee        0x0 ./DIO_program.o
 .bss           0x008000ee        0x0 ./EXTI_program.o
 .bss           0x008000ee        0x0 ./GI_program.o
 .bss           0x008000ee        0x0 ./KPD_program.o
 .bss           0x008000ee        0x0 ./LCD_program.o
 .bss           0x008000ee        0x0 ./TIMERS_program.o
 .bss           0x008000ee        0x0 ./main.o
 .bss           0x008000ee        0x0 a:/000-desktop/embedded systems/1-avr course/00-tools/00-imt sdk/imt_sdk_win_64/winavr/bin/../lib/gcc/avr/4.3.3/avr5\libgcc.a(_mulsi3.o)
 .bss           0x008000ee        0x0 a:/000-desktop/embedded systems/1-avr course/00-tools/00-imt sdk/imt_sdk_win_64/winavr/bin/../lib/gcc/avr/4.3.3/avr5\libgcc.a(_udivmodhi4.o)
 .bss           0x008000ee        0x0 a:/000-desktop/embedded systems/1-avr course/00-tools/00-imt sdk/imt_sdk_win_64/winavr/bin/../lib/gcc/avr/4.3.3/avr5\libgcc.a(_udivmodsi4.o)
 .bss           0x008000ee        0x0 a:/000-desktop/embedded systems/1-avr course/00-tools/00-imt sdk/imt_sdk_win_64/winavr/bin/../lib/gcc/avr/4.3.3/avr5\libgcc.a(_exit.o)
 .bss           0x008000ee        0x0 a:/000-desktop/embedded systems/1-avr course/00-tools/00-imt sdk/imt_sdk_win_64/winavr/bin/../lib/gcc/avr/4.3.3/avr5\libgcc.a(_copy_data.o)
 .bss           0x008000ee        0x0 a:/000-desktop/embedded systems/1-avr course/00-tools/00-imt sdk/imt_sdk_win_64/winavr/bin/../lib/gcc/avr/4.3.3/avr5\libgcc.a(_clear_bss.o)
 .bss           0x008000ee        0x0 a:/000-desktop/embedded systems/1-avr course/00-tools/00-imt sdk/imt_sdk_win_64/winavr/bin/../lib/gcc/avr/4.3.3/avr5\libgcc.a(_fixunssfsi.o)
 .bss           0x008000ee        0x0 a:/000-desktop/embedded systems/1-avr course/00-tools/00-imt sdk/imt_sdk_win_64/winavr/bin/../lib/gcc/avr/4.3.3/avr5\libgcc.a(_addsub_sf.o)
 .bss           0x008000ee        0x0 a:/000-desktop/embedded systems/1-avr course/00-tools/00-imt sdk/imt_sdk_win_64/winavr/bin/../lib/gcc/avr/4.3.3/avr5\libgcc.a(_mul_sf.o)
 .bss           0x008000ee        0x0 a:/000-desktop/embedded systems/1-avr course/00-tools/00-imt sdk/imt_sdk_win_64/winavr/bin/../lib/gcc/avr/4.3.3/avr5\libgcc.a(_div_sf.o)
 .bss           0x008000ee        0x0 a:/000-desktop/embedded systems/1-avr course/00-tools/00-imt sdk/imt_sdk_win_64/winavr/bin/../lib/gcc/avr/4.3.3/avr5\libgcc.a(_gt_sf.o)
 .bss           0x008000ee        0x0 a:/000-desktop/embedded systems/1-avr course/00-tools/00-imt sdk/imt_sdk_win_64/winavr/bin/../lib/gcc/avr/4.3.3/avr5\libgcc.a(_ge_sf.o)
 .bss           0x008000ee        0x0 a:/000-desktop/embedded systems/1-avr course/00-tools/00-imt sdk/imt_sdk_win_64/winavr/bin/../lib/gcc/avr/4.3.3/avr5\libgcc.a(_lt_sf.o)
 .bss           0x008000ee        0x0 a:/000-desktop/embedded systems/1-avr course/00-tools/00-imt sdk/imt_sdk_win_64/winavr/bin/../lib/gcc/avr/4.3.3/avr5\libgcc.a(_sf_to_si.o)
 .bss           0x008000ee        0x0 a:/000-desktop/embedded systems/1-avr course/00-tools/00-imt sdk/imt_sdk_win_64/winavr/bin/../lib/gcc/avr/4.3.3/avr5\libgcc.a(_thenan_sf.o)
 .bss           0x008000ee        0x0 a:/000-desktop/embedded systems/1-avr course/00-tools/00-imt sdk/imt_sdk_win_64/winavr/bin/../lib/gcc/avr/4.3.3/avr5\libgcc.a(_prologue.o)
 .bss           0x008000ee        0x0 a:/000-desktop/embedded systems/1-avr course/00-tools/00-imt sdk/imt_sdk_win_64/winavr/bin/../lib/gcc/avr/4.3.3/avr5\libgcc.a(_epilogue.o)
 .bss           0x008000ee        0x0 a:/000-desktop/embedded systems/1-avr course/00-tools/00-imt sdk/imt_sdk_win_64/winavr/bin/../lib/gcc/avr/4.3.3/avr5\libgcc.a(_pack_sf.o)
 .bss           0x008000ee        0x0 a:/000-desktop/embedded systems/1-avr course/00-tools/00-imt sdk/imt_sdk_win_64/winavr/bin/../lib/gcc/avr/4.3.3/avr5\libgcc.a(_unpack_sf.o)
 .bss           0x008000ee        0x0 a:/000-desktop/embedded systems/1-avr course/00-tools/00-imt sdk/imt_sdk_win_64/winavr/bin/../lib/gcc/avr/4.3.3/avr5\libgcc.a(_fpcmp_parts_sf.o)
 *(.bss*)
 .bss.EXTI_ApfEXTI
                0x008000ee        0x6 ./EXTI_program.o
 .bss.TIMER0_pfOV
                0x008000f4        0x2 ./TIMERS_program.o
 .bss.TIMER0_pfCTC
                0x008000f6        0x2 ./TIMERS_program.o
 .bss.Local_u16CounterOVF.1480
                0x008000f8        0x2 ./TIMERS_program.o
 .bss.Local_u16CounterCTC.1498
                0x008000fa        0x2 ./TIMERS_program.o
 .bss.TIMER1_pfOV
                0x008000fc        0x2 ./TIMERS_program.o
 .bss.TIMER1_pfCTCA
                0x008000fe        0x2 ./TIMERS_program.o
 .bss.TIMER1_pfCTCB
                0x00800100        0x2 ./TIMERS_program.o
 .bss.TIMER1_u16OnPeriod
                0x00800102        0x2 ./TIMERS_program.o
 .bss.TIMER1_u16OffPeriod
                0x00800104        0x2 ./TIMERS_program.o
 .bss.Local_u32CounterOVF.1910
                0x00800106        0x4 ./TIMERS_program.o
 .bss.Local_u32CounterCTCA.1928
                0x0080010a        0x4 ./TIMERS_program.o
 .bss.Local_u32CounterCTCB.1944
                0x0080010e        0x4 ./TIMERS_program.o
 .bss.Local_u16OldValue.1962
                0x00800112        0x2 ./TIMERS_program.o
 .bss.Local_u8Flag.1961
                0x00800114        0x1 ./TIMERS_program.o
 .bss.TIMER2_pfOV
                0x00800115        0x2 ./TIMERS_program.o
 .bss.TIMER2_pfCTC
                0x00800117        0x2 ./TIMERS_program.o
 .bss.Local_u16CounterOVF.2199
                0x00800119        0x2 ./TIMERS_program.o
 .bss.Local_u16CounterCTC.2217
                0x0080011b        0x2 ./TIMERS_program.o
 .bss.TIMER0_u16OV_CounterValue
                0x0080011d        0x2 ./TIMERS_program.o
 .bss.TIMER0_u8PreloadValue
                0x0080011f        0x1 ./TIMERS_program.o
 .bss.TIMER0_u16CTC_CounterValue
                0x00800120        0x2 ./TIMERS_program.o
 .bss.TIMER1_u32OV_CounterValue
                0x00800122        0x4 ./TIMERS_program.o
 .bss.TIMER1_u16PreloadValue
                0x00800126        0x2 ./TIMERS_program.o
 .bss.TIMER1_u32CTCA_CounterValue
                0x00800128        0x4 ./TIMERS_program.o
 .bss.TIMER1_u32CTCB_CounterValue
                0x0080012c        0x4 ./TIMERS_program.o
 .bss.TIMER2_u16OV_CounterValue
                0x00800130        0x2 ./TIMERS_program.o
 .bss.TIMER2_u8PreloadValue
                0x00800132        0x1 ./TIMERS_program.o
 .bss.TIMER2_u16CTC_CounterValue
                0x00800133        0x2 ./TIMERS_program.o
 .bss.App_u8TimeArr
                0x00800135        0x6 ./main.o
                0x00800135                App_u8TimeArr
 .bss.Local_u8HourCounter.1593
                0x0080013b        0x1 ./main.o
 .bss.Local_u8MinCounter.1592
                0x0080013c        0x1 ./main.o
 .bss.Local_u8Counter.1591
                0x0080013d        0x1 ./main.o
 .bss.App_u8TimerSeconds
                0x0080013e        0x1 ./main.o
 .bss.App_u8TimerMinutes
                0x0080013f        0x1 ./main.o
 .bss.App_u8TimerHours
                0x00800140        0x1 ./main.o
 *(COMMON)
                0x00800141                PROVIDE (__bss_end, .)
                0x00004b08                __data_load_start = LOADADDR (.data)
                0x00004b96                __data_load_end = (__data_load_start + SIZEOF (.data))

.noinit         0x00800141        0x0
                0x00800141                PROVIDE (__noinit_start, .)
 *(.noinit*)
                0x00800141                PROVIDE (__noinit_end, .)
                0x00800141                _end = .
                0x00800141                PROVIDE (__heap_start, .)

.eeprom         0x00810000        0x0
 *(.eeprom*)
                0x00810000                __eeprom_end = .

.fuse
 *(.fuse)
 *(.lfuse)
 *(.hfuse)
 *(.efuse)

.lock
 *(.lock*)

.signature
 *(.signature*)

.stab           0x00000000     0x4a4c
 *(.stab)
 .stab          0x00000000      0x9cc ./DIO_program.o
 .stab          0x000009cc      0x540 ./EXTI_program.o
                                0x5dc (size before relaxing)
 .stab          0x00000f0c      0x144 ./GI_program.o
                                0x1e0 (size before relaxing)
 .stab          0x00001050      0x510 ./KPD_program.o
                                0x5ac (size before relaxing)
 .stab          0x00001560     0x1140 ./LCD_program.o
                               0x1368 (size before relaxing)
 .stab          0x000026a0     0x1488 ./TIMERS_program.o
                               0x1524 (size before relaxing)
 .stab          0x00003b28      0xf24 ./main.o
                               0x114c (size before relaxing)

.stabstr        0x00000000     0x1c0b
 *(.stabstr)
 .stabstr       0x00000000     0x1c0b ./DIO_program.o

.stab.excl
 *(.stab.excl)

.stab.exclstr
 *(.stab.exclstr)

.stab.index
 *(.stab.index)

.stab.indexstr
 *(.stab.indexstr)

.comment
 *(.comment)

.debug
 *(.debug)

.line
 *(.line)

.debug_srcinfo
 *(.debug_srcinfo)

.debug_sfnames
 *(.debug_sfnames)

.debug_aranges  0x00000000      0x160
 *(.debug_aranges)
 .debug_aranges
                0x00000000       0x20 a:/000-desktop/embedded systems/1-avr course/00-tools/00-imt sdk/imt_sdk_win_64/winavr/bin/../lib/gcc/avr/4.3.3/avr5\libgcc.a(_fixunssfsi.o)
 .debug_aranges
                0x00000020       0x20 a:/000-desktop/embedded systems/1-avr course/00-tools/00-imt sdk/imt_sdk_win_64/winavr/bin/../lib/gcc/avr/4.3.3/avr5\libgcc.a(_addsub_sf.o)
 .debug_aranges
                0x00000040       0x20 a:/000-desktop/embedded systems/1-avr course/00-tools/00-imt sdk/imt_sdk_win_64/winavr/bin/../lib/gcc/avr/4.3.3/avr5\libgcc.a(_mul_sf.o)
 .debug_aranges
                0x00000060       0x20 a:/000-desktop/embedded systems/1-avr course/00-tools/00-imt sdk/imt_sdk_win_64/winavr/bin/../lib/gcc/avr/4.3.3/avr5\libgcc.a(_div_sf.o)
 .debug_aranges
                0x00000080       0x20 a:/000-desktop/embedded systems/1-avr course/00-tools/00-imt sdk/imt_sdk_win_64/winavr/bin/../lib/gcc/avr/4.3.3/avr5\libgcc.a(_gt_sf.o)
 .debug_aranges
                0x000000a0       0x20 a:/000-desktop/embedded systems/1-avr course/00-tools/00-imt sdk/imt_sdk_win_64/winavr/bin/../lib/gcc/avr/4.3.3/avr5\libgcc.a(_ge_sf.o)
 .debug_aranges
                0x000000c0       0x20 a:/000-desktop/embedded systems/1-avr course/00-tools/00-imt sdk/imt_sdk_win_64/winavr/bin/../lib/gcc/avr/4.3.3/avr5\libgcc.a(_lt_sf.o)
 .debug_aranges
                0x000000e0       0x20 a:/000-desktop/embedded systems/1-avr course/00-tools/00-imt sdk/imt_sdk_win_64/winavr/bin/../lib/gcc/avr/4.3.3/avr5\libgcc.a(_sf_to_si.o)
 .debug_aranges
                0x00000100       0x20 a:/000-desktop/embedded systems/1-avr course/00-tools/00-imt sdk/imt_sdk_win_64/winavr/bin/../lib/gcc/avr/4.3.3/avr5\libgcc.a(_pack_sf.o)
 .debug_aranges
                0x00000120       0x20 a:/000-desktop/embedded systems/1-avr course/00-tools/00-imt sdk/imt_sdk_win_64/winavr/bin/../lib/gcc/avr/4.3.3/avr5\libgcc.a(_unpack_sf.o)
 .debug_aranges
                0x00000140       0x20 a:/000-desktop/embedded systems/1-avr course/00-tools/00-imt sdk/imt_sdk_win_64/winavr/bin/../lib/gcc/avr/4.3.3/avr5\libgcc.a(_fpcmp_parts_sf.o)

.debug_pubnames
                0x00000000      0x18f
 *(.debug_pubnames)
 .debug_pubnames
                0x00000000       0x23 a:/000-desktop/embedded systems/1-avr course/00-tools/00-imt sdk/imt_sdk_win_64/winavr/bin/../lib/gcc/avr/4.3.3/avr5\libgcc.a(_fixunssfsi.o)
 .debug_pubnames
                0x00000023       0x2c a:/000-desktop/embedded systems/1-avr course/00-tools/00-imt sdk/imt_sdk_win_64/winavr/bin/../lib/gcc/avr/4.3.3/avr5\libgcc.a(_addsub_sf.o)
 .debug_pubnames
                0x0000004f       0x1f a:/000-desktop/embedded systems/1-avr course/00-tools/00-imt sdk/imt_sdk_win_64/winavr/bin/../lib/gcc/avr/4.3.3/avr5\libgcc.a(_mul_sf.o)
 .debug_pubnames
                0x0000006e       0x1f a:/000-desktop/embedded systems/1-avr course/00-tools/00-imt sdk/imt_sdk_win_64/winavr/bin/../lib/gcc/avr/4.3.3/avr5\libgcc.a(_div_sf.o)
 .debug_pubnames
                0x0000008d       0x1e a:/000-desktop/embedded systems/1-avr course/00-tools/00-imt sdk/imt_sdk_win_64/winavr/bin/../lib/gcc/avr/4.3.3/avr5\libgcc.a(_gt_sf.o)
 .debug_pubnames
                0x000000ab       0x1e a:/000-desktop/embedded systems/1-avr course/00-tools/00-imt sdk/imt_sdk_win_64/winavr/bin/../lib/gcc/avr/4.3.3/avr5\libgcc.a(_ge_sf.o)
 .debug_pubnames
                0x000000c9       0x1e a:/000-desktop/embedded systems/1-avr course/00-tools/00-imt sdk/imt_sdk_win_64/winavr/bin/../lib/gcc/avr/4.3.3/avr5\libgcc.a(_lt_sf.o)
 .debug_pubnames
                0x000000e7       0x20 a:/000-desktop/embedded systems/1-avr course/00-tools/00-imt sdk/imt_sdk_win_64/winavr/bin/../lib/gcc/avr/4.3.3/avr5\libgcc.a(_sf_to_si.o)
 .debug_pubnames
                0x00000107       0x22 a:/000-desktop/embedded systems/1-avr course/00-tools/00-imt sdk/imt_sdk_win_64/winavr/bin/../lib/gcc/avr/4.3.3/avr5\libgcc.a(_thenan_sf.o)
 .debug_pubnames
                0x00000129       0x1f a:/000-desktop/embedded systems/1-avr course/00-tools/00-imt sdk/imt_sdk_win_64/winavr/bin/../lib/gcc/avr/4.3.3/avr5\libgcc.a(_pack_sf.o)
 .debug_pubnames
                0x00000148       0x21 a:/000-desktop/embedded systems/1-avr course/00-tools/00-imt sdk/imt_sdk_win_64/winavr/bin/../lib/gcc/avr/4.3.3/avr5\libgcc.a(_unpack_sf.o)
 .debug_pubnames
                0x00000169       0x26 a:/000-desktop/embedded systems/1-avr course/00-tools/00-imt sdk/imt_sdk_win_64/winavr/bin/../lib/gcc/avr/4.3.3/avr5\libgcc.a(_fpcmp_parts_sf.o)

.debug_info     0x00000000     0x2045
 *(.debug_info)
 .debug_info    0x00000000       0xb1 a:/000-desktop/embedded systems/1-avr course/00-tools/00-imt sdk/imt_sdk_win_64/winavr/bin/../lib/gcc/avr/4.3.3/avr5\libgcc.a(_fixunssfsi.o)
 .debug_info    0x000000b1      0x47a a:/000-desktop/embedded systems/1-avr course/00-tools/00-imt sdk/imt_sdk_win_64/winavr/bin/../lib/gcc/avr/4.3.3/avr5\libgcc.a(_addsub_sf.o)
 .debug_info    0x0000052b      0x485 a:/000-desktop/embedded systems/1-avr course/00-tools/00-imt sdk/imt_sdk_win_64/winavr/bin/../lib/gcc/avr/4.3.3/avr5\libgcc.a(_mul_sf.o)
 .debug_info    0x000009b0      0x3fc a:/000-desktop/embedded systems/1-avr course/00-tools/00-imt sdk/imt_sdk_win_64/winavr/bin/../lib/gcc/avr/4.3.3/avr5\libgcc.a(_div_sf.o)
 .debug_info    0x00000dac      0x27f a:/000-desktop/embedded systems/1-avr course/00-tools/00-imt sdk/imt_sdk_win_64/winavr/bin/../lib/gcc/avr/4.3.3/avr5\libgcc.a(_gt_sf.o)
 .debug_info    0x0000102b      0x27f a:/000-desktop/embedded systems/1-avr course/00-tools/00-imt sdk/imt_sdk_win_64/winavr/bin/../lib/gcc/avr/4.3.3/avr5\libgcc.a(_ge_sf.o)
 .debug_info    0x000012aa      0x27f a:/000-desktop/embedded systems/1-avr course/00-tools/00-imt sdk/imt_sdk_win_64/winavr/bin/../lib/gcc/avr/4.3.3/avr5\libgcc.a(_lt_sf.o)
 .debug_info    0x00001529      0x2b0 a:/000-desktop/embedded systems/1-avr course/00-tools/00-imt sdk/imt_sdk_win_64/winavr/bin/../lib/gcc/avr/4.3.3/avr5\libgcc.a(_sf_to_si.o)
 .debug_info    0x000017d9      0x12c a:/000-desktop/embedded systems/1-avr course/00-tools/00-imt sdk/imt_sdk_win_64/winavr/bin/../lib/gcc/avr/4.3.3/avr5\libgcc.a(_thenan_sf.o)
 .debug_info    0x00001905      0x2df a:/000-desktop/embedded systems/1-avr course/00-tools/00-imt sdk/imt_sdk_win_64/winavr/bin/../lib/gcc/avr/4.3.3/avr5\libgcc.a(_pack_sf.o)
 .debug_info    0x00001be4      0x251 a:/000-desktop/embedded systems/1-avr course/00-tools/00-imt sdk/imt_sdk_win_64/winavr/bin/../lib/gcc/avr/4.3.3/avr5\libgcc.a(_unpack_sf.o)
 .debug_info    0x00001e35      0x210 a:/000-desktop/embedded systems/1-avr course/00-tools/00-imt sdk/imt_sdk_win_64/winavr/bin/../lib/gcc/avr/4.3.3/avr5\libgcc.a(_fpcmp_parts_sf.o)
 *(.gnu.linkonce.wi.*)

.debug_abbrev   0x00000000     0x1101
 *(.debug_abbrev)
 .debug_abbrev  0x00000000       0x5d a:/000-desktop/embedded systems/1-avr course/00-tools/00-imt sdk/imt_sdk_win_64/winavr/bin/../lib/gcc/avr/4.3.3/avr5\libgcc.a(_fixunssfsi.o)
 .debug_abbrev  0x0000005d      0x1ea a:/000-desktop/embedded systems/1-avr course/00-tools/00-imt sdk/imt_sdk_win_64/winavr/bin/../lib/gcc/avr/4.3.3/avr5\libgcc.a(_addsub_sf.o)
 .debug_abbrev  0x00000247      0x21b a:/000-desktop/embedded systems/1-avr course/00-tools/00-imt sdk/imt_sdk_win_64/winavr/bin/../lib/gcc/avr/4.3.3/avr5\libgcc.a(_mul_sf.o)
 .debug_abbrev  0x00000462      0x216 a:/000-desktop/embedded systems/1-avr course/00-tools/00-imt sdk/imt_sdk_win_64/winavr/bin/../lib/gcc/avr/4.3.3/avr5\libgcc.a(_div_sf.o)
 .debug_abbrev  0x00000678      0x15a a:/000-desktop/embedded systems/1-avr course/00-tools/00-imt sdk/imt_sdk_win_64/winavr/bin/../lib/gcc/avr/4.3.3/avr5\libgcc.a(_gt_sf.o)
 .debug_abbrev  0x000007d2      0x15a a:/000-desktop/embedded systems/1-avr course/00-tools/00-imt sdk/imt_sdk_win_64/winavr/bin/../lib/gcc/avr/4.3.3/avr5\libgcc.a(_ge_sf.o)
 .debug_abbrev  0x0000092c      0x15a a:/000-desktop/embedded systems/1-avr course/00-tools/00-imt sdk/imt_sdk_win_64/winavr/bin/../lib/gcc/avr/4.3.3/avr5\libgcc.a(_lt_sf.o)
 .debug_abbrev  0x00000a86      0x17f a:/000-desktop/embedded systems/1-avr course/00-tools/00-imt sdk/imt_sdk_win_64/winavr/bin/../lib/gcc/avr/4.3.3/avr5\libgcc.a(_sf_to_si.o)
 .debug_abbrev  0x00000c05       0xad a:/000-desktop/embedded systems/1-avr course/00-tools/00-imt sdk/imt_sdk_win_64/winavr/bin/../lib/gcc/avr/4.3.3/avr5\libgcc.a(_thenan_sf.o)
 .debug_abbrev  0x00000cb2      0x1c0 a:/000-desktop/embedded systems/1-avr course/00-tools/00-imt sdk/imt_sdk_win_64/winavr/bin/../lib/gcc/avr/4.3.3/avr5\libgcc.a(_pack_sf.o)
 .debug_abbrev  0x00000e72      0x154 a:/000-desktop/embedded systems/1-avr course/00-tools/00-imt sdk/imt_sdk_win_64/winavr/bin/../lib/gcc/avr/4.3.3/avr5\libgcc.a(_unpack_sf.o)
 .debug_abbrev  0x00000fc6      0x13b a:/000-desktop/embedded systems/1-avr course/00-tools/00-imt sdk/imt_sdk_win_64/winavr/bin/../lib/gcc/avr/4.3.3/avr5\libgcc.a(_fpcmp_parts_sf.o)

.debug_line     0x00000000      0xf82
 *(.debug_line)
 .debug_line    0x00000000       0xa7 a:/000-desktop/embedded systems/1-avr course/00-tools/00-imt sdk/imt_sdk_win_64/winavr/bin/../lib/gcc/avr/4.3.3/avr5\libgcc.a(_fixunssfsi.o)
 .debug_line    0x000000a7      0x2af a:/000-desktop/embedded systems/1-avr course/00-tools/00-imt sdk/imt_sdk_win_64/winavr/bin/../lib/gcc/avr/4.3.3/avr5\libgcc.a(_addsub_sf.o)
 .debug_line    0x00000356      0x239 a:/000-desktop/embedded systems/1-avr course/00-tools/00-imt sdk/imt_sdk_win_64/winavr/bin/../lib/gcc/avr/4.3.3/avr5\libgcc.a(_mul_sf.o)
 .debug_line    0x0000058f      0x1d5 a:/000-desktop/embedded systems/1-avr course/00-tools/00-imt sdk/imt_sdk_win_64/winavr/bin/../lib/gcc/avr/4.3.3/avr5\libgcc.a(_div_sf.o)
 .debug_line    0x00000764       0xd3 a:/000-desktop/embedded systems/1-avr course/00-tools/00-imt sdk/imt_sdk_win_64/winavr/bin/../lib/gcc/avr/4.3.3/avr5\libgcc.a(_gt_sf.o)
 .debug_line    0x00000837       0xd3 a:/000-desktop/embedded systems/1-avr course/00-tools/00-imt sdk/imt_sdk_win_64/winavr/bin/../lib/gcc/avr/4.3.3/avr5\libgcc.a(_ge_sf.o)
 .debug_line    0x0000090a       0xd3 a:/000-desktop/embedded systems/1-avr course/00-tools/00-imt sdk/imt_sdk_win_64/winavr/bin/../lib/gcc/avr/4.3.3/avr5\libgcc.a(_lt_sf.o)
 .debug_line    0x000009dd      0x109 a:/000-desktop/embedded systems/1-avr course/00-tools/00-imt sdk/imt_sdk_win_64/winavr/bin/../lib/gcc/avr/4.3.3/avr5\libgcc.a(_sf_to_si.o)
 .debug_line    0x00000ae6       0x90 a:/000-desktop/embedded systems/1-avr course/00-tools/00-imt sdk/imt_sdk_win_64/winavr/bin/../lib/gcc/avr/4.3.3/avr5\libgcc.a(_thenan_sf.o)
 .debug_line    0x00000b76      0x18a a:/000-desktop/embedded systems/1-avr course/00-tools/00-imt sdk/imt_sdk_win_64/winavr/bin/../lib/gcc/avr/4.3.3/avr5\libgcc.a(_pack_sf.o)
 .debug_line    0x00000d00      0x14b a:/000-desktop/embedded systems/1-avr course/00-tools/00-imt sdk/imt_sdk_win_64/winavr/bin/../lib/gcc/avr/4.3.3/avr5\libgcc.a(_unpack_sf.o)
 .debug_line    0x00000e4b      0x137 a:/000-desktop/embedded systems/1-avr course/00-tools/00-imt sdk/imt_sdk_win_64/winavr/bin/../lib/gcc/avr/4.3.3/avr5\libgcc.a(_fpcmp_parts_sf.o)

.debug_frame    0x00000000      0x180
 *(.debug_frame)
 .debug_frame   0x00000000       0x20 a:/000-desktop/embedded systems/1-avr course/00-tools/00-imt sdk/imt_sdk_win_64/winavr/bin/../lib/gcc/avr/4.3.3/avr5\libgcc.a(_fixunssfsi.o)
 .debug_frame   0x00000020       0x40 a:/000-desktop/embedded systems/1-avr course/00-tools/00-imt sdk/imt_sdk_win_64/winavr/bin/../lib/gcc/avr/4.3.3/avr5\libgcc.a(_addsub_sf.o)
 .debug_frame   0x00000060       0x20 a:/000-desktop/embedded systems/1-avr course/00-tools/00-imt sdk/imt_sdk_win_64/winavr/bin/../lib/gcc/avr/4.3.3/avr5\libgcc.a(_mul_sf.o)
 .debug_frame   0x00000080       0x20 a:/000-desktop/embedded systems/1-avr course/00-tools/00-imt sdk/imt_sdk_win_64/winavr/bin/../lib/gcc/avr/4.3.3/avr5\libgcc.a(_div_sf.o)
 .debug_frame   0x000000a0       0x20 a:/000-desktop/embedded systems/1-avr course/00-tools/00-imt sdk/imt_sdk_win_64/winavr/bin/../lib/gcc/avr/4.3.3/avr5\libgcc.a(_gt_sf.o)
 .debug_frame   0x000000c0       0x20 a:/000-desktop/embedded systems/1-avr course/00-tools/00-imt sdk/imt_sdk_win_64/winavr/bin/../lib/gcc/avr/4.3.3/avr5\libgcc.a(_ge_sf.o)
 .debug_frame   0x000000e0       0x20 a:/000-desktop/embedded systems/1-avr course/00-tools/00-imt sdk/imt_sdk_win_64/winavr/bin/../lib/gcc/avr/4.3.3/avr5\libgcc.a(_lt_sf.o)
 .debug_frame   0x00000100       0x20 a:/000-desktop/embedded systems/1-avr course/00-tools/00-imt sdk/imt_sdk_win_64/winavr/bin/../lib/gcc/avr/4.3.3/avr5\libgcc.a(_sf_to_si.o)
 .debug_frame   0x00000120       0x20 a:/000-desktop/embedded systems/1-avr course/00-tools/00-imt sdk/imt_sdk_win_64/winavr/bin/../lib/gcc/avr/4.3.3/avr5\libgcc.a(_pack_sf.o)
 .debug_frame   0x00000140       0x20 a:/000-desktop/embedded systems/1-avr course/00-tools/00-imt sdk/imt_sdk_win_64/winavr/bin/../lib/gcc/avr/4.3.3/avr5\libgcc.a(_unpack_sf.o)
 .debug_frame   0x00000160       0x20 a:/000-desktop/embedded systems/1-avr course/00-tools/00-imt sdk/imt_sdk_win_64/winavr/bin/../lib/gcc/avr/4.3.3/avr5\libgcc.a(_fpcmp_parts_sf.o)

.debug_str      0x00000000      0x2c2
 *(.debug_str)
 .debug_str     0x00000000       0xbf a:/000-desktop/embedded systems/1-avr course/00-tools/00-imt sdk/imt_sdk_win_64/winavr/bin/../lib/gcc/avr/4.3.3/avr5\libgcc.a(_fixunssfsi.o)
                                 0xfe (size before relaxing)
 .debug_str     0x000000bf      0x14d a:/000-desktop/embedded systems/1-avr course/00-tools/00-imt sdk/imt_sdk_win_64/winavr/bin/../lib/gcc/avr/4.3.3/avr5\libgcc.a(_addsub_sf.o)
                                0x206 (size before relaxing)
 .debug_str     0x0000020c       0x27 a:/000-desktop/embedded systems/1-avr course/00-tools/00-imt sdk/imt_sdk_win_64/winavr/bin/../lib/gcc/avr/4.3.3/avr5\libgcc.a(_mul_sf.o)
                                0x1bf (size before relaxing)
 .debug_str     0x00000233       0x35 a:/000-desktop/embedded systems/1-avr course/00-tools/00-imt sdk/imt_sdk_win_64/winavr/bin/../lib/gcc/avr/4.3.3/avr5\libgcc.a(_div_sf.o)
                                0x1c8 (size before relaxing)
 .debug_str     0x00000268        0xf a:/000-desktop/embedded systems/1-avr course/00-tools/00-imt sdk/imt_sdk_win_64/winavr/bin/../lib/gcc/avr/4.3.3/avr5\libgcc.a(_gt_sf.o)
                                0x195 (size before relaxing)
 .debug_str     0x00000277        0x8 a:/000-desktop/embedded systems/1-avr course/00-tools/00-imt sdk/imt_sdk_win_64/winavr/bin/../lib/gcc/avr/4.3.3/avr5\libgcc.a(_ge_sf.o)
                                0x195 (size before relaxing)
 .debug_str     0x0000027f        0x8 a:/000-desktop/embedded systems/1-avr course/00-tools/00-imt sdk/imt_sdk_win_64/winavr/bin/../lib/gcc/avr/4.3.3/avr5\libgcc.a(_lt_sf.o)
                                0x195 (size before relaxing)
 .debug_str     0x00000287        0xa a:/000-desktop/embedded systems/1-avr course/00-tools/00-imt sdk/imt_sdk_win_64/winavr/bin/../lib/gcc/avr/4.3.3/avr5\libgcc.a(_sf_to_si.o)
                                0x19e (size before relaxing)
 .debug_str     0x00000000      0x103 a:/000-desktop/embedded systems/1-avr course/00-tools/00-imt sdk/imt_sdk_win_64/winavr/bin/../lib/gcc/avr/4.3.3/avr5\libgcc.a(_thenan_sf.o)
 .debug_str     0x00000291       0x16 a:/000-desktop/embedded systems/1-avr course/00-tools/00-imt sdk/imt_sdk_win_64/winavr/bin/../lib/gcc/avr/4.3.3/avr5\libgcc.a(_pack_sf.o)
                                0x19d (size before relaxing)
 .debug_str     0x000002a7        0xb a:/000-desktop/embedded systems/1-avr course/00-tools/00-imt sdk/imt_sdk_win_64/winavr/bin/../lib/gcc/avr/4.3.3/avr5\libgcc.a(_unpack_sf.o)
                                0x17f (size before relaxing)
 .debug_str     0x000002b2       0x10 a:/000-desktop/embedded systems/1-avr course/00-tools/00-imt sdk/imt_sdk_win_64/winavr/bin/../lib/gcc/avr/4.3.3/avr5\libgcc.a(_fpcmp_parts_sf.o)
                                0x163 (size before relaxing)

.debug_loc      0x00000000      0x88e
 *(.debug_loc)
 .debug_loc     0x00000000       0x34 a:/000-desktop/embedded systems/1-avr course/00-tools/00-imt sdk/imt_sdk_win_64/winavr/bin/../lib/gcc/avr/4.3.3/avr5\libgcc.a(_fixunssfsi.o)
 .debug_loc     0x00000034      0x32a a:/000-desktop/embedded systems/1-avr course/00-tools/00-imt sdk/imt_sdk_win_64/winavr/bin/../lib/gcc/avr/4.3.3/avr5\libgcc.a(_addsub_sf.o)
 .debug_loc     0x0000035e      0x104 a:/000-desktop/embedded systems/1-avr course/00-tools/00-imt sdk/imt_sdk_win_64/winavr/bin/../lib/gcc/avr/4.3.3/avr5\libgcc.a(_mul_sf.o)
 .debug_loc     0x00000462       0xc0 a:/000-desktop/embedded systems/1-avr course/00-tools/00-imt sdk/imt_sdk_win_64/winavr/bin/../lib/gcc/avr/4.3.3/avr5\libgcc.a(_div_sf.o)
 .debug_loc     0x00000522       0x3c a:/000-desktop/embedded systems/1-avr course/00-tools/00-imt sdk/imt_sdk_win_64/winavr/bin/../lib/gcc/avr/4.3.3/avr5\libgcc.a(_gt_sf.o)
 .debug_loc     0x0000055e       0x3c a:/000-desktop/embedded systems/1-avr course/00-tools/00-imt sdk/imt_sdk_win_64/winavr/bin/../lib/gcc/avr/4.3.3/avr5\libgcc.a(_ge_sf.o)
 .debug_loc     0x0000059a       0x3c a:/000-desktop/embedded systems/1-avr course/00-tools/00-imt sdk/imt_sdk_win_64/winavr/bin/../lib/gcc/avr/4.3.3/avr5\libgcc.a(_lt_sf.o)
 .debug_loc     0x000005d6       0x7e a:/000-desktop/embedded systems/1-avr course/00-tools/00-imt sdk/imt_sdk_win_64/winavr/bin/../lib/gcc/avr/4.3.3/avr5\libgcc.a(_sf_to_si.o)
 .debug_loc     0x00000654      0x13e a:/000-desktop/embedded systems/1-avr course/00-tools/00-imt sdk/imt_sdk_win_64/winavr/bin/../lib/gcc/avr/4.3.3/avr5\libgcc.a(_pack_sf.o)
 .debug_loc     0x00000792       0xac a:/000-desktop/embedded systems/1-avr course/00-tools/00-imt sdk/imt_sdk_win_64/winavr/bin/../lib/gcc/avr/4.3.3/avr5\libgcc.a(_unpack_sf.o)
 .debug_loc     0x0000083e       0x50 a:/000-desktop/embedded systems/1-avr course/00-tools/00-imt sdk/imt_sdk_win_64/winavr/bin/../lib/gcc/avr/4.3.3/avr5\libgcc.a(_fpcmp_parts_sf.o)

.debug_macinfo
 *(.debug_macinfo)
OUTPUT(097-Project2_Stopwatch_and_Timer.elf elf32-avr)
LOAD linker stubs

.debug_ranges   0x00000000       0x50
 .debug_ranges  0x00000000       0x50 a:/000-desktop/embedded systems/1-avr course/00-tools/00-imt sdk/imt_sdk_win_64/winavr/bin/../lib/gcc/avr/4.3.3/avr5\libgcc.a(_mul_sf.o)
